MAP
    NAME "Naturebank"
    STATUS ON
    CONFIG MS_ERRORFILE "/var/log/mapserver/naturebank.log"
    EXTENT -180 -90 180 90
    PROJECTION
        "init=epsg:4326"
    END
    UNITS DD

    OUTPUTFORMAT
      NAME "png"
      DRIVER AGG/PNG
      MIMETYPE "image/png"
      IMAGEMODE RGBA
      EXTENSION "png"
      FORMATOPTION "GAMMA=0.75"
    END
    OUTPUTFORMAT
      NAME "gif"
      DRIVER GD/GIF
      MIMETYPE "image/gif"
      IMAGEMODE PC256
      EXTENSION "gif"
    END
    OUTPUTFORMAT
      NAME "png8"
      DRIVER AGG/PNG8
      MIMETYPE "image/png; mode=8bit"
      IMAGEMODE RGBA
      EXTENSION "png"
      FORMATOPTION "QUANTIZE_FORCE=on"
      FORMATOPTION "QUANTIZE_COLORS=256"
      FORMATOPTION "GAMMA=0.75"
    END
    OUTPUTFORMAT
      NAME "jpeg"
      DRIVER AGG/JPEG
      MIMETYPE "image/jpeg"
      IMAGEMODE RGB
      EXTENSION "jpg"
      FORMATOPTION "GAMMA=0.75"
    END
    OUTPUTFORMAT
      NAME "svg"
      DRIVER CAIRO/SVG
      MIMETYPE "image/svg+xml"
      IMAGEMODE RGBA
      EXTENSION "svg"
    END
    OUTPUTFORMAT
      NAME "pdf"
      DRIVER CAIRO/PDF
      MIMETYPE "application/x-pdf"
      IMAGEMODE RGBA
      EXTENSION "pdf"
    END
    OUTPUTFORMAT
      NAME "GTiff"
      DRIVER GDAL/GTiff
      MIMETYPE "image/tiff"
      IMAGEMODE RGBA
      EXTENSION "tif"
    END
    OUTPUTFORMAT
      NAME "cairopng"
      DRIVER CAIRO/PNG
      MIMETYPE "image/png"
      IMAGEMODE RGBA
      EXTENSION "png"
    END
    OUTPUTFORMAT
        NAME GEOTIFF_16
        DRIVER "GDAL/GTiff"
        MIMETYPE "image/tiff"
        IMAGEMODE FLOAT32
        EXTENSION "tif"
    END

    WEB
        METADATA
            "wms_title" "Naturebank"
            "wms_onlineresource" "http://{{ naturebank_server_name }}/mapserver"
            "wms_srs" "EPSG:4326 EPSG:2100 EPSG:3857"
            "wms_enable_request" "*"
            "wms_feature_info_mime_type" "text/html"

            "wfs_title" "Naturebank"
            "wfs_onlineresource" "http://{{ naturebank_server_name }}/mapserver"
            "wfs_srs" "EPSG:4326 EPSG:2100 EPSG:3857"
            "wfs_enable_request" "*"
            "wfs_encoding" "utf-8"

            "ows_abstract" ""
            "ows_keywordlist" ""
            "ows_fees" ""
            "ows_accessconstraints" ""
            "ows_contactorganization" ""
            "ows_service_onlineresource" ""
            "ows_contactperson" ""
            "ows_contactposition" ""
            "ows_contactvoicetelephone" ""
            "ows_contactfacsimiletelephone" ""
            "ows_address" ""
            "ows_city" ""
            "ows_stateorprovince" ""
            "ows_postcode" ""
            "ows_country" ""
            "ows_contactelectronicmailaddress" ""
            "ows_hoursofservice" ""
            "ows_contactinstructions" ""
            "ows_role" ""
        END
    END

    LAYER
      NAME "places_beautiful"
      METADATA
        "wfs_title"          "Places with special natural beauty"
        "wfs_srs"            "EPSG:4326"
        "gml_include_items"  "all"
        "gml_featureid"      "site_code"
        "wfs_enable_request" "*"
      END
      STATUS ON
      TYPE POLYGON
      CONNECTIONTYPE POSTGIS
      CONNECTION "host=localhost port=5432 dbname=naturebank user=naturebank password={{ naturebank_secret_key }}"
      DATA "gis_mpoly from naturebank_biotope"
      FILTER "category_id = 1"
      CLASS
        STYLE
          COLOR 232 232 232
          OUTLINECOLOR 32 32 32
        END
      END
    END

    LAYER
      NAME "biotopes_natura"
      METADATA
        "wfs_title"          "Natura biotopes"
        "wfs_srs"            "EPSG:4326"
        "gml_include_items"  "all"
        "gml_featureid"      "site_code"
        "wfs_enable_request" "*"
      END
      STATUS ON
      TYPE POLYGON
      CONNECTIONTYPE POSTGIS
      CONNECTION "host=localhost port=5432 dbname=naturebank user=naturebank password={{ naturebank_secret_key }}"
      DATA "gis_mpoly from naturebank_biotope"
      FILTER "category_id = 2"
      CLASS
        STYLE
          COLOR 232 232 232
          OUTLINECOLOR 32 32 32
        END
      END
    END

    LAYER
      NAME "biotopes_misc"
      METADATA
        "wfs_title"          "Other biotopes"
        "wfs_srs"            "EPSG:4326"
        "gml_include_items"  "all"
        "gml_featureid"      "site_code"
        "wfs_enable_request" "*"
      END
      STATUS ON
      TYPE POLYGON
      CONNECTIONTYPE POSTGIS
      CONNECTION "host=localhost port=5432 dbname=naturebank user=naturebank password={{ naturebank_secret_key }}"
      DATA "gis_mpoly from naturebank_biotope"
      FILTER "category_id = 3"
      CLASS
        STYLE
          COLOR 232 232 232
          OUTLINECOLOR 32 32 32
        END
      END
    END

    LAYER
      NAME "biotopes_corine"
      METADATA
        "wfs_title"          "Corine biotopes"
        "wfs_srs"            "EPSG:4326"
        "gml_include_items"  "all"
        "gml_featureid"      "site_code"
        "wfs_enable_request" "*"
      END
      STATUS ON
      TYPE POLYGON
      CONNECTIONTYPE POSTGIS
      CONNECTION "host=localhost port=5432 dbname=naturebank user=naturebank password={{ naturebank_secret_key }}"
      DATA "gis_mpoly from naturebank_biotope"
      FILTER "category_id = 4"
      CLASS
        STYLE
          COLOR 232 232 232
          OUTLINECOLOR 32 32 32
        END
      END
    END

    LAYER
      NAME "places_misc"
      METADATA
        "wfs_title"          "Miscellaneous places"
        "wfs_srs"            "EPSG:4326"
        "gml_include_items"  "all"
        "gml_featureid"      "site_code"
        "wfs_enable_request" "*"
      END
      STATUS ON
      TYPE POLYGON
      CONNECTIONTYPE POSTGIS
      CONNECTION "host=localhost port=5432 dbname=naturebank user=naturebank password={{ naturebank_secret_key }}"
      DATA "gis_mpoly from naturebank_biotope"
      FILTER "category_id = 6"
      CLASS
        STYLE
          COLOR 232 232 232
          OUTLINECOLOR 32 32 32
        END
      END
    END
END
