MAP
    NAME "Naturebank"
    STATUS ON
    CONFIG MS_ERRORFILE "/var/log/mapserver/naturebank.log"
    EXTENT -180 -90 180 90
    PROJECTION
        "init=epsg:4326"
    END
    UNITS DD

    WEB
        METADATA
            "wfs_title" "Naturebank"
            "wfs_onlineresource" "http://{{ naturebank_server_name }}/mapserver"
            "wfs_srs" "EPSG:4326 EPSG:2100 EPSG:3857"
            "wfs_enable_request" "*"
            "wfs_encoding" "utf-8"
            "ows_abstract" ""
            "ows_keywordlist" ""
            "ows_fees" ""
            "ows_accessconstraints" ""
            "ows_contactorganization" ""
            "ows_service_onlineresource" ""
            "ows_contactperson" ""
            "ows_contactposition" ""
            "ows_contactvoicetelephone" ""
            "ows_contactfacsimiletelephone" ""
            "ows_address" ""
            "ows_city" ""
            "ows_stateorprovince" ""
            "ows_postcode" ""
            "ows_country" ""
            "ows_contactelectronicmailaddress" ""
            "ows_hoursofservice" ""
            "ows_contactinstructions" ""
            "ows_role" ""
        END
    END


    LAYER
      NAME "biotopes"
      METADATA
        "wfs_title"          "Biotopes"
        "wfs_srs"            "EPSG:4326"
        "gml_include_items"  "all"
        "gml_featureid"      "site_code"
        "wfs_enable_request" "*"
      END
      STATUS ON
      TYPE POLYGON
      CONNECTIONTYPE POSTGIS
      CONNECTION "host=localhost port=5432 dbname=naturebank user=naturebank password={{ naturebank_secret_key }}"
      DATA "gis_mpoly from naturebank_biotope"
    END

END
